AR memory bhv //mac/home/Desktop/cpu/PipelinedMIPS16e/cpu_project/memory.vhd sub00/vhpl01 1543825178
AR reg bhv //mac/home/Desktop/cpu/PipelinedMIPS16e/cpu_project/reg.vhd sub00/vhpl05 1543825182
EN cpu NULL //mac/home/Desktop/cpu/PipelinedMIPS16e/cpu_project/cpu.vhd sub00/vhpl12 1543825189
AR pcselector bhv //mac/home/Desktop/cpu/PipelinedMIPS16e/cpu_project/pcselector.vhd sub00/vhpl11 1543825188
EN pcselector NULL //mac/home/Desktop/cpu/PipelinedMIPS16e/cpu_project/pcselector.vhd sub00/vhpl10 1543825187
EN dataselector NULL //mac/home/Desktop/cpu/PipelinedMIPS16e/cpu_project/dataselector.vhd sub00/vhpl06 1543825183
EN memory NULL //mac/home/Desktop/cpu/PipelinedMIPS16e/cpu_project/memory.vhd sub00/vhpl00 1543825177
AR alu bhv //mac/home/Desktop/cpu/PipelinedMIPS16e/cpu_project/alu.vhd sub00/vhpl09 1543825186
AR dataselector bhv //mac/home/Desktop/cpu/PipelinedMIPS16e/cpu_project/dataselector.vhd sub00/vhpl07 1543825184
AR decoder bhv //mac/home/Desktop/cpu/PipelinedMIPS16e/cpu_project/decoder.vhd sub00/vhpl03 1543825180
EN gate NULL //mac/home/Desktop/cpu/PipelinedMIPS16e/cpu_project/gate.vhd sub00/vhpl13 1543759353
AR gate behavioral //mac/home/Desktop/cpu/PipelinedMIPS16e/cpu_project/gate.vhd sub00/vhpl14 1543759354
EN decoder NULL //mac/home/Desktop/cpu/PipelinedMIPS16e/cpu_project/decoder.vhd sub00/vhpl02 1543825179
EN reg NULL //mac/home/Desktop/cpu/PipelinedMIPS16e/cpu_project/reg.vhd sub00/vhpl04 1543825181
EN alu NULL //mac/home/Desktop/cpu/PipelinedMIPS16e/cpu_project/alu.vhd sub00/vhpl08 1543825185
