AR memory bhv D:/Tsinghua/Autumn2018/computer/PipelinedMIPS16e/cpu_project/memory.vhd sub00/vhpl01 1543658776
AR reg bhv D:/Tsinghua/Autumn2018/computer/PipelinedMIPS16e/cpu_project/reg.vhd sub00/vhpl05 1543658780
AR cpu bhv D:/Tsinghua/Autumn2018/computer/PipelinedMIPS16e/cpu_project/cpu.vhd sub00/vhpl13 1543658788
EN cpu NULL D:/Tsinghua/Autumn2018/computer/PipelinedMIPS16e/cpu_project/cpu.vhd sub00/vhpl12 1543658787
AR pcselector bhv D:/Tsinghua/Autumn2018/computer/PipelinedMIPS16e/cpu_project/pcselector.vhd sub00/vhpl11 1543658786
EN main NULL D:/Tsinghua/Autumn2018/computer/PipelinedMIPS16e/cpu_project/main.vhd sub00/vhpl14 1543658789
EN pcselector NULL D:/Tsinghua/Autumn2018/computer/PipelinedMIPS16e/cpu_project/pcselector.vhd sub00/vhpl10 1543658785
EN dataselector NULL D:/Tsinghua/Autumn2018/computer/PipelinedMIPS16e/cpu_project/dataselector.vhd sub00/vhpl06 1543658781
EN memory NULL D:/Tsinghua/Autumn2018/computer/PipelinedMIPS16e/cpu_project/memory.vhd sub00/vhpl00 1543658775
AR alu bhv D:/Tsinghua/Autumn2018/computer/PipelinedMIPS16e/cpu_project/alu.vhd sub00/vhpl09 1543658784
AR dataselector bhv D:/Tsinghua/Autumn2018/computer/PipelinedMIPS16e/cpu_project/dataselector.vhd sub00/vhpl07 1543658782
AR main bhv D:/Tsinghua/Autumn2018/computer/PipelinedMIPS16e/cpu_project/main.vhd sub00/vhpl15 1543658790
AR decoder bhv D:/Tsinghua/Autumn2018/computer/PipelinedMIPS16e/cpu_project/decoder.vhd sub00/vhpl03 1543658778
EN decoder NULL D:/Tsinghua/Autumn2018/computer/PipelinedMIPS16e/cpu_project/decoder.vhd sub00/vhpl02 1543658777
EN reg NULL D:/Tsinghua/Autumn2018/computer/PipelinedMIPS16e/cpu_project/reg.vhd sub00/vhpl04 1543658779
EN alu NULL D:/Tsinghua/Autumn2018/computer/PipelinedMIPS16e/cpu_project/alu.vhd sub00/vhpl08 1543658783
