V3 34
FL //mac/home/Desktop/cpu/PipelinedMIPS16e/cpu_project/alu.vhd 2018/12/02.21:53:21 P.20131013
EN work/alu 1543825185 \
      FL //mac/home/Desktop/cpu/PipelinedMIPS16e/cpu_project/alu.vhd \
      PB ieee/std_logic_1164 1381692176 PB ieee/std_logic_arith 1381692177 \
      PB ieee/STD_LOGIC_UNSIGNED 1381692179
AR work/alu/bhv 1543825186 \
      FL //mac/home/Desktop/cpu/PipelinedMIPS16e/cpu_project/alu.vhd EN work/alu 1543825185
FL //mac/home/Desktop/cpu/PipelinedMIPS16e/cpu_project/cpu.vhd 2018/12/02.21:53:21 P.20131013
EN work/cpu 0 FL //mac/home/Desktop/cpu/PipelinedMIPS16e/cpu_project/cpu.vhd \
      PB ieee/std_logic_1164 1381692176 PB ieee/std_logic_arith 1381692177 \
      PB ieee/STD_LOGIC_UNSIGNED 1381692179
AR work/cpu/bhv 0 \
      FL //mac/home/Desktop/cpu/PipelinedMIPS16e/cpu_project/cpu.vhd EN work/cpu 0 \
      CP memory CP decoder CP reg CP dataselector CP alu CP pcselector
FL //mac/home/Desktop/cpu/PipelinedMIPS16e/cpu_project/dataselector.vhd 2018/12/02.21:53:21 P.20131013
EN work/DataSelector 1543825183 \
      FL //mac/home/Desktop/cpu/PipelinedMIPS16e/cpu_project/dataselector.vhd \
      PB ieee/std_logic_1164 1381692176 PB ieee/std_logic_arith 1381692177 \
      PB ieee/STD_LOGIC_UNSIGNED 1381692179
AR work/DataSelector/bhv 1543825184 \
      FL //mac/home/Desktop/cpu/PipelinedMIPS16e/cpu_project/dataselector.vhd \
      EN work/DataSelector 1543825183
FL //mac/home/Desktop/cpu/PipelinedMIPS16e/cpu_project/decoder.vhd 2018/12/02.21:53:21 P.20131013
EN work/decoder 1543825179 \
      FL //mac/home/Desktop/cpu/PipelinedMIPS16e/cpu_project/decoder.vhd \
      PB ieee/std_logic_1164 1381692176 PB ieee/std_logic_arith 1381692177 \
      PB ieee/STD_LOGIC_UNSIGNED 1381692179
AR work/decoder/bhv 1543825180 \
      FL //mac/home/Desktop/cpu/PipelinedMIPS16e/cpu_project/decoder.vhd \
      EN work/decoder 1543825179
FL //mac/home/Desktop/cpu/PipelinedMIPS16e/cpu_project/gate.vhd 2018/12/02.22:02:30 P.20131013
EN work/gate 1543759353 \
      FL //mac/home/Desktop/cpu/PipelinedMIPS16e/cpu_project/gate.vhd \
      PB ieee/std_logic_1164 1381692176
AR work/gate/Behavioral 1543759354 \
      FL //mac/home/Desktop/cpu/PipelinedMIPS16e/cpu_project/gate.vhd \
      EN work/gate 1543759353
FL //mac/home/Desktop/cpu/PipelinedMIPS16e/cpu_project/main.vhd 2018/12/02.21:53:21 P.20131013
EN work/main 0 FL //mac/home/Desktop/cpu/PipelinedMIPS16e/cpu_project/main.vhd \
      PB ieee/std_logic_1164 1381692176 PB ieee/std_logic_arith 1381692177 \
      PB ieee/STD_LOGIC_UNSIGNED 1381692179
AR work/main/bhv 0 \
      FL //mac/home/Desktop/cpu/PipelinedMIPS16e/cpu_project/main.vhd \
      EN work/main 0 CP cpu
FL //mac/home/Desktop/cpu/PipelinedMIPS16e/cpu_project/memory.vhd 2018/12/02.21:53:21 P.20131013
EN work/memory 1543825177 \
      FL //mac/home/Desktop/cpu/PipelinedMIPS16e/cpu_project/memory.vhd \
      PB ieee/std_logic_1164 1381692176 PB ieee/STD_LOGIC_UNSIGNED 1381692179 \
      PB ieee/std_logic_arith 1381692177
AR work/memory/bhv 1543825178 \
      FL //mac/home/Desktop/cpu/PipelinedMIPS16e/cpu_project/memory.vhd \
      EN work/memory 1543825177
FL //mac/home/Desktop/cpu/PipelinedMIPS16e/cpu_project/pcselector.vhd 2018/12/02.21:53:21 P.20131013
EN work/PCSelector 1543825187 \
      FL //mac/home/Desktop/cpu/PipelinedMIPS16e/cpu_project/pcselector.vhd \
      PB ieee/std_logic_1164 1381692176 PB ieee/std_logic_arith 1381692177 \
      PB ieee/STD_LOGIC_UNSIGNED 1381692179
AR work/PCSelector/bhv 1543825188 \
      FL //mac/home/Desktop/cpu/PipelinedMIPS16e/cpu_project/pcselector.vhd \
      EN work/PCSelector 1543825187
FL //mac/home/Desktop/cpu/PipelinedMIPS16e/cpu_project/reg.vhd 2018/12/02.21:53:21 P.20131013
EN work/reg 1543825181 \
      FL //mac/home/Desktop/cpu/PipelinedMIPS16e/cpu_project/reg.vhd \
      PB ieee/std_logic_1164 1381692176 PB ieee/std_logic_arith 1381692177 \
      PB ieee/STD_LOGIC_UNSIGNED 1381692179
AR work/reg/bhv 1543825182 \
      FL //mac/home/Desktop/cpu/PipelinedMIPS16e/cpu_project/reg.vhd EN work/reg 1543825181
