V3 31
FL D:/Tsinghua/Autumn2018/computer/PipelinedMIPS16e/cpu_project/alu.vhd 2018/11/29.21:23:14 P.20131013
EN work/alu 1543658783 \
      FL D:/Tsinghua/Autumn2018/computer/PipelinedMIPS16e/cpu_project/alu.vhd \
      PB ieee/std_logic_1164 1381692176 PB ieee/std_logic_arith 1381692177 \
      PB ieee/STD_LOGIC_UNSIGNED 1381692179
AR work/alu/bhv 1543658784 \
      FL D:/Tsinghua/Autumn2018/computer/PipelinedMIPS16e/cpu_project/alu.vhd \
      EN work/alu 1543658783
FL D:/Tsinghua/Autumn2018/computer/PipelinedMIPS16e/cpu_project/cpu.vhd 2018/12/01.18:06:07 P.20131013
EN work/cpu 1543658787 \
      FL D:/Tsinghua/Autumn2018/computer/PipelinedMIPS16e/cpu_project/cpu.vhd \
      PB ieee/std_logic_1164 1381692176 PB ieee/std_logic_arith 1381692177 \
      PB ieee/STD_LOGIC_UNSIGNED 1381692179
AR work/cpu/bhv 1543658788 \
      FL D:/Tsinghua/Autumn2018/computer/PipelinedMIPS16e/cpu_project/cpu.vhd \
      EN work/cpu 1543658787 CP memory CP decoder CP reg CP dataselector CP alu \
      CP pcselector
FL D:/Tsinghua/Autumn2018/computer/PipelinedMIPS16e/cpu_project/dataselector.vhd 2018/11/29.21:07:38 P.20131013
EN work/DataSelector 1543658781 \
      FL D:/Tsinghua/Autumn2018/computer/PipelinedMIPS16e/cpu_project/dataselector.vhd \
      PB ieee/std_logic_1164 1381692176 PB ieee/std_logic_arith 1381692177 \
      PB ieee/STD_LOGIC_UNSIGNED 1381692179
AR work/DataSelector/bhv 1543658782 \
      FL D:/Tsinghua/Autumn2018/computer/PipelinedMIPS16e/cpu_project/dataselector.vhd \
      EN work/DataSelector 1543658781
FL D:/Tsinghua/Autumn2018/computer/PipelinedMIPS16e/cpu_project/decoder.vhd 2018/12/01.17:21:09 P.20131013
EN work/decoder 1543658777 \
      FL D:/Tsinghua/Autumn2018/computer/PipelinedMIPS16e/cpu_project/decoder.vhd \
      PB ieee/std_logic_1164 1381692176 PB ieee/std_logic_arith 1381692177 \
      PB ieee/STD_LOGIC_UNSIGNED 1381692179
AR work/decoder/bhv 1543658778 \
      FL D:/Tsinghua/Autumn2018/computer/PipelinedMIPS16e/cpu_project/decoder.vhd \
      EN work/decoder 1543658777
FL D:/Tsinghua/Autumn2018/computer/PipelinedMIPS16e/cpu_project/main.vhd 2018/12/01.16:12:44 P.20131013
EN work/main 1543658789 \
      FL D:/Tsinghua/Autumn2018/computer/PipelinedMIPS16e/cpu_project/main.vhd \
      PB ieee/std_logic_1164 1381692176 PB ieee/std_logic_arith 1381692177 \
      PB ieee/STD_LOGIC_UNSIGNED 1381692179
AR work/main/bhv 1543658790 \
      FL D:/Tsinghua/Autumn2018/computer/PipelinedMIPS16e/cpu_project/main.vhd \
      EN work/main 1543658789 CP cpu
FL D:/Tsinghua/Autumn2018/computer/PipelinedMIPS16e/cpu_project/memory.vhd 2018/12/01.18:01:14 P.20131013
EN work/memory 1543658775 \
      FL D:/Tsinghua/Autumn2018/computer/PipelinedMIPS16e/cpu_project/memory.vhd \
      PB ieee/std_logic_1164 1381692176 PB ieee/STD_LOGIC_UNSIGNED 1381692179 \
      PB ieee/std_logic_arith 1381692177
AR work/memory/bhv 1543658776 \
      FL D:/Tsinghua/Autumn2018/computer/PipelinedMIPS16e/cpu_project/memory.vhd \
      EN work/memory 1543658775
FL D:/Tsinghua/Autumn2018/computer/PipelinedMIPS16e/cpu_project/pcselector.vhd 2018/12/01.17:21:12 P.20131013
EN work/PCSelector 1543658785 \
      FL D:/Tsinghua/Autumn2018/computer/PipelinedMIPS16e/cpu_project/pcselector.vhd \
      PB ieee/std_logic_1164 1381692176 PB ieee/std_logic_arith 1381692177 \
      PB ieee/STD_LOGIC_UNSIGNED 1381692179
AR work/PCSelector/bhv 1543658786 \
      FL D:/Tsinghua/Autumn2018/computer/PipelinedMIPS16e/cpu_project/pcselector.vhd \
      EN work/PCSelector 1543658785
FL D:/Tsinghua/Autumn2018/computer/PipelinedMIPS16e/cpu_project/reg.vhd 2018/11/29.21:07:37 P.20131013
EN work/reg 1543658779 \
      FL D:/Tsinghua/Autumn2018/computer/PipelinedMIPS16e/cpu_project/reg.vhd \
      PB ieee/std_logic_1164 1381692176 PB ieee/std_logic_arith 1381692177 \
      PB ieee/STD_LOGIC_UNSIGNED 1381692179
AR work/reg/bhv 1543658780 \
      FL D:/Tsinghua/Autumn2018/computer/PipelinedMIPS16e/cpu_project/reg.vhd \
      EN work/reg 1543658779
